
[00:11:38 +0:36:30] step 48/250 reward=+0.062 villain@odd=0.438 villain@even=0.375 GAP=+0.062 ema=+0.068 groupstd=0.871 rate=0.406 43s/step eta 145.2m
[00:11:57 +0:36:49] [hb] GRPO still running (0:35:30) | step 48/250 GAP=+0.068
[00:12:17 +0:37:08] grade: 64/64 (100%) 25.6/s eta 0.0m
[00:12:17 +0:37:08] grade: done — 64 samples in 2.5s | stall summary {'n': 1, 'stalls': 0, 'median_secs': 2.4998394450003616, 'max_secs': 2.4998394450003616, 'total_secs': 2.4998394450003616}
[00:12:22 +0:37:14] step 49/250 reward=+0.094 villain@odd=0.625 villain@even=0.531 GAP=+0.094 ema=+0.073 groupstd=0.737 rate=0.578 44s/step eta 148.0m
[00:12:27 +0:37:19] [hb] GRPO still running (0:36:00) | step 49/250 GAP=+0.073
[00:12:41 +0:37:33] grade: 64/64 (100%) 33.8/s eta 0.0m
[00:12:41 +0:37:33] grade: done — 64 samples in 1.9s | stall summary {'n': 1, 'stalls': 0, 'median_secs': 1.8911951439999939, 'max_secs': 1.8911951439999939, 'total_secs': 1.8911951439999939}
[00:12:47 +0:37:39] step 50/250 reward=+0.000 villain@odd=0.562 villain@even=0.562 GAP=+0.000 ema=+0.058 groupstd=0.887 rate=0.562 25s/step eta 84.0m
[00:12:47 +0:37:39] === BEGIN eval @ step 50 ===
[00:12:57 +0:37:49] [hb] GRPO still running (0:36:30) | step 50/250 GAP=+0.058
[00:13:05 +0:37:57] eval[mid]: 32/40 (80%) 2.1/s eta 0.1m
[00:13:13 +0:38:05] eval[mid]: 40/40 (100%) 1.7/s eta 0.0m
[00:13:13 +0:38:05] eval[mid]: done — 40 samples in 23.0s | stall summary {'n': 2, 'stalls': 0, 'median_secs': 11.485208353999951, 'max_secs': 15.051163507000183, 'total_secs': 22.970416707999902}
[00:13:17 +0:38:09] [hb] eval @ step 50 still running (0:00:30)
[00:13:21 +0:38:13] grade: 40/40 (100%) 4.9/s eta 0.0m
[00:13:21 +0:38:13] grade: done — 40 samples in 8.2s | stall summary {'n': 1, 'stalls': 0, 'median_secs': 8.188509566999983, 'max_secs': 8.188509566999983, 'total_secs': 8.188509566999983}
[00:13:21 +0:38:13]   EVAL[mid] step 50: villain@odd=0.450 villain@even=0.350 GAP=+0.100 (n=40, held-out problems)
[00:13:21 +0:38:13] === END eval @ step 50 (0:00:33) ===
[00:13:25 +0:38:17] checkpoint @step 50: tinker://85d2c54c-f61e-598d-9860-0ce6ea4074c1:train:0/weights/mrlsingle-s50
[00:13:27 +0:38:19] [hb] GRPO still running (0:37:00) | step 50/250 GAP=+0.058
[00:13:51 +0:38:42] grade: 64/64 (100%) 16.4/s eta 0.0m
[00:13:51 +0:38:42] grade: done — 64 samples in 3.9s | stall summary {'n': 1, 'stalls': 0, 'median_secs': 3.902824014000089, 'max_secs': 3.902824014000089, 'total_secs': 3.902824014000089}
[00:13:57 +0:38:48] step 51/250 reward=+0.031 villain@odd=0.406 villain@even=0.375 GAP=+0.031 ema=+0.053 groupstd=0.725 rate=0.391 32s/step eta 105.0m
[00:13:57 +0:38:49] [hb] GRPO still running (0:37:30) | step 51/250 GAP=+0.053
[00:14:17 +0:39:09] grade: 64/64 (100%) 31.8/s eta 0.0m
[00:14:17 +0:39:09] grade: done — 64 samples in 2.0s | stall summary {'n': 1, 'stalls': 0, 'median_secs': 2.0152957370000877, 'max_secs': 2.0152957370000877, 'total_secs': 2.0152957370000877}
[00:14:23 +0:39:15] step 52/250 reward=+0.156 villain@odd=0.469 villain@even=0.312 GAP=+0.156 ema=+0.074 groupstd=0.629 rate=0.391 26s/step eta 86.7m
[00:14:27 +0:39:19] [hb] GRPO still running (0:38:00) | step 52/250 GAP=+0.074
[00:14:45 +0:39:37] grade: 64/64 (100%) 15.8/s eta 0.0m
[00:14:45 +0:39:37] grade: done — 64 samples in 4.0s | stall summary {'n': 1, 'stalls': 0, 'median_secs': 4.045735233999949, 'max_secs': 4.045735233999949, 'total_secs': 4.045735233999949}
[00:14:51 +0:39:43] step 53/250 reward=-0.094 villain@odd=0.406 villain@even=0.500 GAP=-0.094 ema=+0.040 groupstd=0.833 rate=0.453 28s/step eta 92.2m
[00:14:57 +0:39:49] [hb] GRPO still running (0:38:30) | step 53/250 GAP=+0.040
[00:15:16 +0:40:08] grade: 64/64 (100%) 13.4/s eta 0.0m
[00:15:16 +0:40:08] grade: done — 64 samples in 4.8s | stall summary {'n': 1, 'stalls': 0, 'median_secs': 4.761311745000057, 'max_secs': 4.761311745000057, 'total_secs': 4.761311745000057}
[00:15:22 +0:40:14] step 54/250 reward=+0.000 villain@odd=0.625 villain@even=0.625 GAP=+0.000 ema=+0.032 groupstd=0.854 rate=0.625 31s/step eta 102.9m
[00:15:27 +0:40:19] [hb] GRPO still running (0:39:00) | step 54/250 GAP=+0.032
[00:15:45 +0:40:37] grade: 64/64 (100%) 19.5/s eta 0.0m
[00:15:45 +0:40:37] grade: done — 64 samples in 3.3s | stall summary {'n': 1, 'stalls': 0, 'median_secs': 3.27719666899975, 'max_secs': 3.27719666899975, 'total_secs': 3.27719666899975}
[00:15:51 +0:40:42] step 55/250 reward=+0.031 villain@odd=0.469 villain@even=0.438 GAP=+0.031 ema=+0.032 groupstd=0.816 rate=0.453 28s/step eta 91.8m
[00:15:57 +0:40:49] [hb] GRPO still running (0:39:30) | step 55/250 GAP=+0.032
[00:16:15 +0:41:07] grade: 64/64 (100%) 19.5/s eta 0.0m
[00:16:15 +0:41:07] grade: done — 64 samples in 3.3s | stall summary {'n': 1, 'stalls': 0, 'median_secs': 3.283513073999984, 'max_secs': 3.283513073999984, 'total_secs': 3.283513073999984}
[00:16:21 +0:41:13] step 56/250 reward=+0.031 villain@odd=0.469 villain@even=0.438 GAP=+0.031 ema=+0.032 groupstd=0.720 rate=0.453 30s/step eta 98.4m
[00:16:27 +0:41:19] [hb] GRPO still running (0:40:00) | step 56/250 GAP=+0.032
[00:16:57 +0:41:49] [hb] GRPO still running (0:40:30) | step 56/250 GAP=+0.032
[00:16:59 +0:41:51] grade: 64/64 (100%) 3.3/s eta 0.0m
[00:16:59 +0:41:51] grade: done — 64 samples in 19.3s | stall summary {'n': 1, 'stalls': 0, 'median_secs': 19.341624232999948, 'max_secs': 19.341624232999948, 'total_secs': 19.341624232999948}
[00:17:05 +0:41:57] step 57/250 reward=+0.062 villain@odd=0.500 villain@even=0.438 GAP=+0.062 ema=+0.038 groupstd=0.779 rate=0.469 44s/step eta 141.9m
[00:17:27 +0:42:19] [hb] GRPO still running (0:41:00) | step 57/250 GAP=+0.038
